<html>
<body>
<pre>
<h1>µVision Build Log</h1>
<h2>Tool Versions:</h2>
IDE-Version: ¦ÌVision V5.32.0.0
Copyright (C) 2020 ARM Ltd and ARM Germany GmbH. All rights reserved.
License Information:  ,  , LIC=----
 
Tool Versions:
Toolchain:       MDK-Lite  Version: 5.32.0.0
Toolchain Path:  C:\Keil_v5\ARM\ARMCLANG\Bin
C Compiler:      ArmClang.exe V6.14.1
Assembler:       Armasm.exe V6.14.1
Linker/Locator:  ArmLink.exe V6.14.1
Library Manager: ArmAr.exe V6.14.1
Hex Converter:   FromElf.exe V6.14.1
CPU DLL:         SARMCM3.DLL V5.32.0.0
Dialog DLL:      DCM.DLL V1.17.3.0
Target DLL:      STLink\ST-LINKIII-KEIL_SWO.dll V3.0.8.0
Dialog DLL:      TCM.DLL V1.46.0.0
 
<h2>Project:</h2>
C:\Users\30496\Desktop\EXP3-3 Demo\MDK-ARM\Project.uvprojx
Project File Date:  03/06/2026

<h2>Output:</h2>
*** Using Compiler 'V6.14.1', folder: 'C:\Keil_v5\ARM\ARMCLANG\Bin'
Rebuild target 'Project'
Note: source file '../Core/Src/system_stm32f1xx.c' - object file renamed from 'Project\system_stm32f1xx.o' to 'Project\system_stm32f1xx_1.o'.
assembling startup_stm32f103xb.s...
compiling font.c...
compiling gpio.c...
compiling stm32f1xx_it.c...
compiling i2c.c...
../Core/Src/main.c(101): warning: result of comparison of constant 256 with expression of type 'uint8_t' (aka 'unsigned char') is always true [-Wtautological-constant-out-of-range-compare]
                for (uint8_t i = 0; i < 256; i++)
                                    ~ ^ ~~~
1 warning generated.
compiling main.c...
compiling stm32f1xx_hal_msp.c...
compiling oled.c...
compiling stm32f1xx_hal_gpio_ex.c...
compiling stm32f1xx_hal.c...
compiling stm32f1xx_hal_rcc_ex.c...
compiling stm32f1xx_hal_gpio.c...
compiling stm32f1xx_hal_rcc.c...
compiling stm32f1xx_hal_cortex.c...
compiling stm32f1xx_hal_dma.c...
compiling stm32f1xx_hal_pwr.c...
compiling stm32f1xx_hal_flash.c...
compiling stm32f1xx_hal_exti.c...
compiling stm32f1xx_hal_flash_ex.c...
compiling stm32f1xx_hal_tim_ex.c...
compiling stm32f1xx_hal_tim.c...
compiling system_stm32f1xx.c...
compiling stm32f1xx_hal_i2c.c...
linking...
Program Size: Code=5552 RO-data=2296 RW-data=12 ZI-data=2884  
FromELF: creating hex file...
"Project\Project.elf" - 0 Error(s), 1 Warning(s).

<h2>Software Packages used:</h2>

Package Vendor: ARM
                https://www.keil.com/pack/ARM.CMSIS.6.3.0.pack
                ARM.CMSIS.6.3.0
                CMSIS (Common Microcontroller Software Interface Standard)
   * Component: CORE Version: 6.2.0

Package Vendor: Keil
                https://www.keil.com/pack/Keil.STM32F1xx_DFP.2.4.1.pack
                Keil.STM32F1xx_DFP.2.4.1
                STMicroelectronics STM32F1 Series Device Support, Drivers and Examples

<h2>Collection of Component include folders:</h2>
  .\RTE\_Project
  C:\Users\30496\AppData\Local\Arm\Packs\ARM\CMSIS\6.3.0\CMSIS\Core\Include
  C:\Users\30496\AppData\Local\Arm\Packs\Keil\STM32F1xx_DFP\2.4.1\Device\Include

<h2>Collection of Component Files used:</h2>

   * Component: ARM::CMSIS:CORE:6.2.0
Build Time Elapsed:  00:00:03
</pre>
</body>
</html>
